 /build/x11r6/XFree86-3.1.2Cf/xc/config/cf/Imake.cf                                              |    7 -----
 /build/x11r6/XFree86-3.1.2Cf/xc/config/cf/hp.cf                                                 |    7 -----
 /build/x11r6/XFree86-3.1.2Cf/xc/config/cf/hpLib.rules                                           |    2 -
 /build/x11r6/XFree86-3.1.2Cf/xc/config/imake/imakemdep.h                                        |   13 ----------
 /build/x11r6/XFree86-3.1.2Cf/xc/config/makedepend/main.c                                        |    2 -
 /build/x11r6/XFree86-3.1.2Cf/xc/include/Xos.h                                                   |    7 -----
 /build/x11r6/XFree86-3.1.2Cf/xc/programs/Xserver/XIE/mixie/import/mijpeg.c                      |    2 -
 /build/x11r6/XFree86-3.1.2Cf/xc/programs/Xserver/XIE/mixie/process/mpgeomaa.c                   |    2 -
 /build/x11r6/XFree86-3.1.2Cf/xc/programs/Xserver/XIE/mixie/process/mpgeomnn.c                   |    2 -
 /build/x11r6/XFree86-3.1.2Cf/xc/programs/Xserver/hw/hp/input/drivers/hil_driver.c               |    2 -
 /build/x11r6/XFree86-3.1.2Cf/xc/programs/Xserver/hw/hp/input/hpKeyMap.c                         |    2 -
 /build/x11r6/XFree86-3.1.2Cf/xc/programs/Xserver/hw/xfree86/accel/i128/i128scrin.c              |    2 -
 /build/x11r6/XFree86-3.1.2Cf/xc/programs/Xserver/hw/xfree86/accel/p9000/p9000scrin.c            |    2 -
 /build/x11r6/XFree86-3.1.2Cf/xc/programs/Xserver/hw/xfree86/mono/drivers/apollo/apolloHW.h      |    2 -
 /build/x11r6/XFree86-3.1.2Cf/xc/programs/Xserver/hw/xfree86/mono/drivers/apollo/apollodriv.c    |    6 ++--
 /build/x11r6/XFree86-3.1.2Cf/xc/programs/Xserver/hw/xfree86/mono/drivers/hgc1280/hgc1280driv.c  |    4 +--
 /build/x11r6/XFree86-3.1.2Cf/xc/programs/Xserver/hw/xfree86/mono/drivers/sigma/sigmadriv.c      |    4 +--
 /build/x11r6/XFree86-3.1.2Cf/xc/programs/Xserver/hw/xfree86/mono/mono/mono.c                    |    6 ++--
 /build/x11r6/XFree86-3.1.2Cf/xc/programs/Xserver/hw/xfree86/mono/mono/mono.h                    |    4 +--
 /build/x11r6/XFree86-3.1.2Cf/xc/programs/Xserver/hw/xfree86/vga16/ibm/vgaImages.c               |    2 -
 /build/x11r6/XFree86-3.1.2Cf/xc/programs/Xserver/hw/xfree86/vga256/drivers/ati/regati.h         |    2 -
 /build/x11r6/XFree86-3.1.2Cf/xc/programs/Xserver/hw/xfree86/vga256/drivers/cirrus/cir_blitter.c |    2 -
 /build/x11r6/XFree86-3.1.2Cf/xc/programs/Xserver/hw/xfree86/vga256/drivers/cirrus/cir_cursor.c  |    2 -
 /build/x11r6/XFree86-3.1.2Cf/xc/programs/Xserver/hw/xfree86/vga256/drivers/oak/oak_driver.c     |    2 -
 /build/x11r6/XFree86-3.1.2Cf/xc/test/xsuite/xtest/src/bin/mc/files.c                            |    2 -
 /build/x11r6/XFree86-3.1.2Cf/xc/util/patch/malloc.c                                             |   12 +++++----
 /build/x11r6/XFree86-3.1.2Cf/xc/util/patch/pch.c                                                |    2 -
 27 files changed, 36 insertions(+), 68 deletions(-)
