 CHANGES         |   58 ++++++++++++++++++++++++++++++++++++++++++++++++
 MANIFEST        |    3 +-
 cmdtbl          |   15 ++++++++++--
 configure.in    |   16 ++++++++++---
 doc/filters.doc |   36 ++++++++++++++++++++++++++++--
 doc/macros.doc  |   67 ++++++++++++++++++++++++++++++++++----------------------
 6 files changed, 159 insertions(+), 36 deletions(-)
