 PATCHES     |    1 -
 compose.c   |   17 ++++-------------
 crypt.c     |   26 +++++++++++++++-----------
 init.h      |   54 +++++++-----------------------------------------------
 mutt.h      |    4 +---
 pgp.c       |    5 +----
 pgplib.h    |    1 -
 po/ca.po    |   10 +++++-----
 po/cs.po    |    8 ++++----
 po/da.po    |    8 ++++----
 po/de.po    |    8 ++++----
 po/el.po    |    8 ++++----
 po/eo.po    |    8 ++++----
 po/es.po    |    9 ++++-----
 po/et.po    |    6 +++---
 po/fr.po    |    8 ++++----
 po/gl.po    |    8 ++++----
 po/hu.po    |    8 ++++----
 po/id.po    |    8 ++++----
 po/it.po    |    8 ++++----
 po/ja.po    |    9 ++++-----
 po/ko.po    |    8 ++++----
 po/lt.po    |   13 +++++++------
 po/nl.po    |    8 ++++----
 po/pl.po    |    8 ++++----
 po/pt_BR.po |   12 ++++++------
 po/ru.po    |    8 ++++----
 po/sk.po    |   13 +++++++------
 po/sv.po    |    8 ++++----
 po/tr.po    |    8 ++++----
 po/uk.po    |    8 ++++----
 po/zh_CN.po |    6 +++---
 po/zh_TW.po |    6 +++---
 postpone.c  |    7 -------
 send.c      |   16 +---------------
 sendlib.c   |    2 --
 36 files changed, 139 insertions(+), 214 deletions(-)
