 Imake.cf                            |    7 +++++++
 Xos.h                               |    7 ++++++-
 accel/i128/i128scrin.c              |    2 +-
 accel/p9000/p9000scrin.c            |    2 +-
 bin/mc/files.c                      |    2 +-
 hp.cf                               |    7 +++++++
 hpLib.rules                         |    2 ++
 imakemdep.h                         |   13 +++++++++++++
 import/mijpeg.c                     |    2 +-
 input/drivers/hil_driver.c          |    2 +-
 input/hpKeyMap.c                    |    2 +-
 main.c                              |    2 +-
 malloc.c                            |   12 +++++-------
 mono/drivers/apollo/apolloHW.h      |    2 +-
 mono/drivers/apollo/apollodriv.c    |    6 +++---
 mono/drivers/hgc1280/hgc1280driv.c  |    4 ++--
 mono/drivers/sigma/sigmadriv.c      |    4 ++--
 mono/mono/mono.c                    |    6 +++---
 mono/mono/mono.h                    |    4 ++--
 pch.c                               |    2 +-
 process/mpgeomaa.c                  |    2 +-
 process/mpgeomnn.c                  |    2 +-
 vga16/ibm/vgaImages.c               |    2 +-
 vga256/drivers/ati/regati.h         |    2 +-
 vga256/drivers/cirrus/cir_blitter.c |    2 +-
 vga256/drivers/cirrus/cir_cursor.c  |    2 +-
 vga256/drivers/oak/oak_driver.c     |    2 +-
 27 files changed, 68 insertions(+), 36 deletions(-)
