 gen/gen.c                                  |    5 	2 +	3 -	0 !
 gen/terminal_interface-curses-mouse.ads.m4 |    6 	3 +	3 -	0 !
 gen/terminal_interface-curses.ads.m4       |   10 	6 +	4 -	0 !
 samples/ncurses2-acs_and_scroll.adb        |   15 	8 +	7 -	0 !
 samples/ncurses2-acs_display.adb           |   21 	12 +	9 -	0 !
 5 files changed, 31 insertions(+), 26 deletions(-)
