 PATCHES    |    1 +
 ca.po      |   10 +++++-----
 compose.c  |   17 +++++++++++++----
 crypt.c    |   26 +++++++++++---------------
 cs.po      |    8 ++++----
 da.po      |    8 ++++----
 de.po      |    8 ++++----
 el.po      |    8 ++++----
 eo.po      |    8 ++++----
 es.po      |    9 +++++----
 et.po      |    6 +++---
 fr.po      |    8 ++++----
 gl.po      |    8 ++++----
 hu.po      |    8 ++++----
 id.po      |    8 ++++----
 init.h     |   54 +++++++++++++++++++++++++++++++++++++++++++++++-------
 it.po      |    8 ++++----
 ja.po      |    9 +++++----
 ko.po      |    8 ++++----
 lt.po      |   13 ++++++-------
 mutt.h     |    4 +++-
 nl.po      |    8 ++++----
 pgp.c      |    5 ++++-
 pgplib.h   |    1 +
 pl.po      |    8 ++++----
 postpone.c |    7 +++++++
 pt_BR.po   |   12 ++++++------
 ru.po      |    8 ++++----
 send.c     |   16 +++++++++++++++-
 sendlib.c  |    2 ++
 sk.po      |   13 ++++++-------
 sv.po      |    8 ++++----
 tr.po      |    8 ++++----
 uk.po      |    8 ++++----
 zh_CN.po   |    6 +++---
 zh_TW.po   |    6 +++---
 36 files changed, 214 insertions(+), 139 deletions(-)
