 Makefile.in          |   61 	34 +	27 -	0 !
 README               |    5 	3 +	2 -	0 !
 aclocal.m4           |    7 	6 +	1 -	0 !
 config.h.in          |    6 	6 +	0 -	0 !
 configure            |  386 	256 +	130 -	0 !
 curses.h             |   37 	29 +	8 -	0 !
 curspriv.h           |   12 	6 +	6 -	0 !
 demos/testcurs.c     |    9 	7 +	2 -	0 !
 doc/intro.man        |   27 	16 +	11 -	0 !
 doc/x11.man          |  100 	70 +	30 -	0 !
 dos/pdckbd.c         |   28 	27 +	1 -	0 !
 install-sh           |   26 	21 +	5 -	0 !
 os2/gccos2.mak       |   14 	7 +	7 -	0 !
 os2/pdckbd.c         |   28 	27 +	1 -	0 !
 os2/pdcurses.def     |    8 	7 +	1 -	0 !
 pdcurses/Makefile.in |  120 	77 +	43 -	0 !
 pdcurses/border.c    |  168 	159 +	9 -	0 !
 pdcurses/color.c     |   26 	24 +	2 -	0 !
 pdcurses/getch.c     |   12 	8 +	4 -	0 !
 pdcurses/initscr.c   |    6 	3 +	3 -	0 !
 pdcurses/util.c      |    6 	3 +	3 -	0 !
 win32/curses.def     |    3 	3 +	0 -	0 !
 win32/pdckbd.c       |   10 	5 +	5 -	0 !
 x11/README           |   15 	14 +	1 -	0 !
 x11/ScrollBox.c      |   32 	17 +	15 -	0 !
 x11/pdcdisp.c        |    4 	2 +	2 -	0 !
 x11/pdckbd.c         |    4 	2 +	2 -	0 !
 x11/pdcscrn.c        |    3 	2 +	1 -	0 !
 x11/pdcsetsc.c       |   11 	6 +	5 -	0 !
 29 files changed, 847 insertions(+), 327 deletions(-)
