 PATCHES     |    1 	1 +	0 -	0 !
 compose.c   |   17 	13 +	4 -	0 !
 crypt.c     |   26 	11 +	15 -	0 !
 init.h      |   54 	47 +	7 -	0 !
 mutt.h      |    4 	3 +	1 -	0 !
 pgp.c       |    5 	4 +	1 -	0 !
 pgplib.h    |    1 	1 +	0 -	0 !
 po/ca.po    |   10 	5 +	5 -	0 !
 po/cs.po    |    8 	4 +	4 -	0 !
 po/da.po    |    8 	4 +	4 -	0 !
 po/de.po    |    8 	4 +	4 -	0 !
 po/el.po    |    8 	4 +	4 -	0 !
 po/eo.po    |    8 	4 +	4 -	0 !
 po/es.po    |    9 	5 +	4 -	0 !
 po/et.po    |    6 	3 +	3 -	0 !
 po/fr.po    |    8 	4 +	4 -	0 !
 po/gl.po    |    8 	4 +	4 -	0 !
 po/hu.po    |    8 	4 +	4 -	0 !
 po/id.po    |    8 	4 +	4 -	0 !
 po/it.po    |    8 	4 +	4 -	0 !
 po/ja.po    |    9 	5 +	4 -	0 !
 po/ko.po    |    8 	4 +	4 -	0 !
 po/lt.po    |   13 	6 +	7 -	0 !
 po/nl.po    |    8 	4 +	4 -	0 !
 po/pl.po    |    8 	4 +	4 -	0 !
 po/pt_BR.po |   12 	6 +	6 -	0 !
 po/ru.po    |    8 	4 +	4 -	0 !
 po/sk.po    |   13 	6 +	7 -	0 !
 po/sv.po    |    8 	4 +	4 -	0 !
 po/tr.po    |    8 	4 +	4 -	0 !
 po/uk.po    |    8 	4 +	4 -	0 !
 po/zh_CN.po |    6 	3 +	3 -	0 !
 po/zh_TW.po |    6 	3 +	3 -	0 !
 postpone.c  |    7 	7 +	0 -	0 !
 send.c      |   16 	15 +	1 -	0 !
 sendlib.c   |    2 	2 +	0 -	0 !
 36 files changed, 214 insertions(+), 139 deletions(-)
