 Documentation/parport-lowlevel.txt |   29 +++--------------------------
 Makefile                           |    4 ++++
 drivers/cpuidle/governors/menu.c   |    2 +-
 drivers/parport/daisy.c            |   29 -----------------------------
 fs/select.c                        |    2 +-
 include/linux/parport.h            |    1 -
 scripts/export_report.pl           |    2 +-
 7 files changed, 10 insertions(+), 59 deletions(-)
