 Makefile.in   |   38 ++++++++++++------------
 README.debian |   14 +++++++++
 changelog     |   53 ++++++++++++++++++++++++++++++++++
 conffiles     |    1 
 control       |   19 ++++++++++++
 copyright     |   40 ++++++++++++++++++++++++++
 postinst      |   21 +++++++++++++
 prerm         |   11 +++++++
 rc.boot       |   58 +++++++++++++++++++++++++++++++++++++
 recover       |   49 +++++++++++++++++++++++++++++++
 rules         |   89 ++++++++++++++++++++++++++++++++++++++++++++++++++++++++++
 substvars     |    1 
 12 files changed, 375 insertions(+), 19 deletions(-)
