 Frame.C                                      |  294 	221 +	73 -	0 !
 Frame.H                                      |   21 	13 +	8 -	0 !
 Hotkeys.C                                    |   32 	31 +	1 -	0 !
 Makefile                                     |    2 	1 +	1 -	0 !
 Menu.C                                       |   70 	42 +	28 -	0 !
 README                                       |   18 	9 +	9 -	0 !
 Rotated.C                                    |   61 	34 +	27 -	0 !
 config.h                                     |    6 	6 +	0 -	0 !
 debian/changelog                             |   12 	12 +	0 -	0 !
 debian/patched/100_double_ampersand.dpatch   |    1 	1 +	0 -	0 !
 debian/patched/100_fl_filename_name.dpatch   |    2 	0 +	2 -	0 !
 debian/patched/101_visible_focus.dpatch      |    1 	0 +	1 -	0 !
 debian/patched/102_charstruct.dpatch         |    1 	0 +	1 -	0 !
 debian/patched/103_man_typo.dpatch           |    1 	0 +	1 -	0 !
 debian/patched/104_g++-4.1_warning.dpatch    |    3 	0 +	3 -	0 !
 debian/patched/105_double_ampersand.dpatch   |    1 	0 +	1 -	0 !
 debian/patched/201_background_color.dpatch   |    2 	0 +	2 -	0 !
 debian/patches/00list                        |    8 	1 +	7 -	0 !
 debian/patches/100_double_ampersand.dpatch   |   19 	19 +	0 -	0 !
 debian/patches/100_fl_filename_name.dpatch   |   20 	0 +	20 -	0 !
 debian/patches/101_visible_focus.dpatch      |   19 	0 +	19 -	0 !
 debian/patches/102_charstruct.dpatch         |   45 	0 +	45 -	0 !
 debian/patches/103_man_typo.dpatch           |   19 	0 +	19 -	0 !
 debian/patches/104_g++-4.1_warning.dpatch    |   58 	0 +	58 -	0 !
 debian/patches/105_double_ampersand.dpatch   |   48 	0 +	48 -	0 !
 debian/patches/200_Debian_menu.dpatch        |   14 	7 +	7 -	0 !
 debian/patches/201_background_color.dpatch   |   57 	0 +	57 -	0 !
 debian/patches/202_background_color_2.dpatch |   92 	0 +	92 -	0 !
 debian/watch                                 |    3 	3 +	0 -	0 !
 flwm.1                                       |    4 	2 +	2 -	0 !
 flwm_wmconfig                                |    4 	3 +	1 -	0 !
 logo.fl                                      |   19 	19 +	0 -	0 !
 main.C                                       |   99 	72 +	27 -	0 !
 patch-stamp                                  |   25 	2 +	23 -	0 !
 34 files changed, 498 insertions(+), 583 deletions(-)
